// Jest Snapshot v1, https://goo.gl/fbAQLP

exports[`ChipRack Test suite Should render ChipRack(snapshot) correctly 1`] = `
<Fragment>
  <stubbed-asset
    className="vertical-chip"
    key="0_0"
    style={
      Object {
        "left": "38.8%",
        "top": "4%",
        "zIndex": "0",
      }
    }
    width={13.5}
  />
  <stubbed-asset
    className="vertical-chip"
    key="0_1"
    style={
      Object {
        "left": "38.8%",
        "top": "4.6%",
        "zIndex": "1",
      }
    }
    width={13.5}
  />
  <stubbed-asset
    className="vertical-chip"
    key="0_2"
    style={
      Object {
        "left": "38.8%",
        "top": "5.2%",
        "zIndex": "2",
      }
    }
    width={13.5}
  />
  <stubbed-asset
    className="vertical-chip"
    key="0_3"
    style={
      Object {
        "left": "38.8%",
        "top": "5.8%",
        "zIndex": "3",
      }
    }
    width={13.5}
  />
  <stubbed-asset
    className="vertical-chip"
    key="0_4"
    style={
      Object {
        "left": "38.8%",
        "top": "6.4%",
        "zIndex": "4",
      }
    }
    width={13.5}
  />
  <stubbed-asset
    className="vertical-chip"
    key="0_5"
    style={
      Object {
        "left": "38.8%",
        "top": "7%",
        "zIndex": "5",
      }
    }
    width={13.5}
  />
  <stubbed-asset
    className="vertical-chip"
    key="0_6"
    style={
      Object {
        "left": "38.8%",
        "top": "7.6%",
        "zIndex": "6",
      }
    }
    width={13.5}
  />
  <stubbed-asset
    className="vertical-chip"
    key="0_7"
    style={
      Object {
        "left": "38.8%",
        "top": "8.2%",
        "zIndex": "7",
      }
    }
    width={13.5}
  />
  <stubbed-asset
    className="vertical-chip"
    key="0_8"
    style={
      Object {
        "left": "38.8%",
        "top": "8.8%",
        "zIndex": "8",
      }
    }
    width={13.5}
  />
  <stubbed-asset
    className="vertical-chip"
    key="0_9"
    style={
      Object {
        "left": "38.8%",
        "top": "9.399999999999999%",
        "zIndex": "9",
      }
    }
    width={13.5}
  />
  <stubbed-asset
    className="vertical-chip"
    key="1_0"
    style={
      Object {
        "left": "42.08%",
        "top": "4%",
        "zIndex": "0",
      }
    }
    width={13.5}
  />
  <stubbed-asset
    className="vertical-chip"
    key="1_1"
    style={
      Object {
        "left": "42.08%",
        "top": "4.6%",
        "zIndex": "1",
      }
    }
    width={13.5}
  />
  <stubbed-asset
    className="vertical-chip"
    key="1_2"
    style={
      Object {
        "left": "42.08%",
        "top": "5.2%",
        "zIndex": "2",
      }
    }
    width={13.5}
  />
  <stubbed-asset
    className="vertical-chip"
    key="1_3"
    style={
      Object {
        "left": "42.08%",
        "top": "5.8%",
        "zIndex": "3",
      }
    }
    width={13.5}
  />
  <stubbed-asset
    className="vertical-chip"
    key="1_4"
    style={
      Object {
        "left": "42.08%",
        "top": "6.4%",
        "zIndex": "4",
      }
    }
    width={13.5}
  />
  <stubbed-asset
    className="vertical-chip"
    key="1_5"
    style={
      Object {
        "left": "42.08%",
        "top": "7%",
        "zIndex": "5",
      }
    }
    width={13.5}
  />
  <stubbed-asset
    className="vertical-chip"
    key="1_6"
    style={
      Object {
        "left": "42.08%",
        "top": "7.6%",
        "zIndex": "6",
      }
    }
    width={13.5}
  />
  <stubbed-asset
    className="vertical-chip"
    key="1_7"
    style={
      Object {
        "left": "42.08%",
        "top": "8.2%",
        "zIndex": "7",
      }
    }
    width={13.5}
  />
  <stubbed-asset
    className="vertical-chip"
    key="1_8"
    style={
      Object {
        "left": "42.08%",
        "top": "8.8%",
        "zIndex": "8",
      }
    }
    width={13.5}
  />
  <stubbed-asset
    className="vertical-chip"
    key="1_9"
    style={
      Object {
        "left": "42.08%",
        "top": "9.399999999999999%",
        "zIndex": "9",
      }
    }
    width={13.5}
  />
  <stubbed-asset
    className="vertical-chip"
    key="2_0"
    style={
      Object {
        "left": "45.36%",
        "top": "4%",
        "zIndex": "0",
      }
    }
    width={13.5}
  />
  <stubbed-asset
    className="vertical-chip"
    key="2_1"
    style={
      Object {
        "left": "45.36%",
        "top": "4.6%",
        "zIndex": "1",
      }
    }
    width={13.5}
  />
  <stubbed-asset
    className="vertical-chip"
    key="2_2"
    style={
      Object {
        "left": "45.36%",
        "top": "5.2%",
        "zIndex": "2",
      }
    }
    width={13.5}
  />
  <stubbed-asset
    className="vertical-chip"
    key="2_3"
    style={
      Object {
        "left": "45.36%",
        "top": "5.8%",
        "zIndex": "3",
      }
    }
    width={13.5}
  />
  <stubbed-asset
    className="vertical-chip"
    key="2_4"
    style={
      Object {
        "left": "45.36%",
        "top": "6.4%",
        "zIndex": "4",
      }
    }
    width={13.5}
  />
  <stubbed-asset
    className="vertical-chip"
    key="2_5"
    style={
      Object {
        "left": "45.36%",
        "top": "7%",
        "zIndex": "5",
      }
    }
    width={13.5}
  />
  <stubbed-asset
    className="vertical-chip"
    key="2_6"
    style={
      Object {
        "left": "45.36%",
        "top": "7.6%",
        "zIndex": "6",
      }
    }
    width={13.5}
  />
  <stubbed-asset
    className="vertical-chip"
    key="2_7"
    style={
      Object {
        "left": "45.36%",
        "top": "8.2%",
        "zIndex": "7",
      }
    }
    width={13.5}
  />
  <stubbed-asset
    className="vertical-chip"
    key="2_8"
    style={
      Object {
        "left": "45.36%",
        "top": "8.8%",
        "zIndex": "8",
      }
    }
    width={13.5}
  />
  <stubbed-asset
    className="vertical-chip"
    key="2_9"
    style={
      Object {
        "left": "45.36%",
        "top": "9.399999999999999%",
        "zIndex": "9",
      }
    }
    width={13.5}
  />
  <stubbed-asset
    className="vertical-chip"
    key="3_0"
    style={
      Object {
        "left": "48.64%",
        "top": "4%",
        "zIndex": "0",
      }
    }
    width={13.5}
  />
  <stubbed-asset
    className="vertical-chip"
    key="3_1"
    style={
      Object {
        "left": "48.64%",
        "top": "4.6%",
        "zIndex": "1",
      }
    }
    width={13.5}
  />
  <stubbed-asset
    className="vertical-chip"
    key="3_2"
    style={
      Object {
        "left": "48.64%",
        "top": "5.2%",
        "zIndex": "2",
      }
    }
    width={13.5}
  />
  <stubbed-asset
    className="vertical-chip"
    key="3_3"
    style={
      Object {
        "left": "48.64%",
        "top": "5.8%",
        "zIndex": "3",
      }
    }
    width={13.5}
  />
  <stubbed-asset
    className="vertical-chip"
    key="3_4"
    style={
      Object {
        "left": "48.64%",
        "top": "6.4%",
        "zIndex": "4",
      }
    }
    width={13.5}
  />
  <stubbed-asset
    className="vertical-chip"
    key="3_5"
    style={
      Object {
        "left": "48.64%",
        "top": "7%",
        "zIndex": "5",
      }
    }
    width={13.5}
  />
  <stubbed-asset
    className="vertical-chip"
    key="3_6"
    style={
      Object {
        "left": "48.64%",
        "top": "7.6%",
        "zIndex": "6",
      }
    }
    width={13.5}
  />
  <stubbed-asset
    className="vertical-chip"
    key="3_7"
    style={
      Object {
        "left": "48.64%",
        "top": "8.2%",
        "zIndex": "7",
      }
    }
    width={13.5}
  />
  <stubbed-asset
    className="vertical-chip"
    key="3_8"
    style={
      Object {
        "left": "48.64%",
        "top": "8.8%",
        "zIndex": "8",
      }
    }
    width={13.5}
  />
  <stubbed-asset
    className="vertical-chip"
    key="3_9"
    style={
      Object {
        "left": "48.64%",
        "top": "9.399999999999999%",
        "zIndex": "9",
      }
    }
    width={13.5}
  />
  <stubbed-asset
    className="vertical-chip"
    key="4_0"
    style={
      Object {
        "left": "51.919999999999995%",
        "top": "4%",
        "zIndex": "0",
      }
    }
    width={13.5}
  />
  <stubbed-asset
    className="vertical-chip"
    key="4_1"
    style={
      Object {
        "left": "51.919999999999995%",
        "top": "4.6%",
        "zIndex": "1",
      }
    }
    width={13.5}
  />
  <stubbed-asset
    className="vertical-chip"
    key="4_2"
    style={
      Object {
        "left": "51.919999999999995%",
        "top": "5.2%",
        "zIndex": "2",
      }
    }
    width={13.5}
  />
  <stubbed-asset
    className="vertical-chip"
    key="4_3"
    style={
      Object {
        "left": "51.919999999999995%",
        "top": "5.8%",
        "zIndex": "3",
      }
    }
    width={13.5}
  />
  <stubbed-asset
    className="vertical-chip"
    key="4_4"
    style={
      Object {
        "left": "51.919999999999995%",
        "top": "6.4%",
        "zIndex": "4",
      }
    }
    width={13.5}
  />
  <stubbed-asset
    className="vertical-chip"
    key="4_5"
    style={
      Object {
        "left": "51.919999999999995%",
        "top": "7%",
        "zIndex": "5",
      }
    }
    width={13.5}
  />
  <stubbed-asset
    className="vertical-chip"
    key="4_6"
    style={
      Object {
        "left": "51.919999999999995%",
        "top": "7.6%",
        "zIndex": "6",
      }
    }
    width={13.5}
  />
  <stubbed-asset
    className="vertical-chip"
    key="4_7"
    style={
      Object {
        "left": "51.919999999999995%",
        "top": "8.2%",
        "zIndex": "7",
      }
    }
    width={13.5}
  />
  <stubbed-asset
    className="vertical-chip"
    key="4_8"
    style={
      Object {
        "left": "51.919999999999995%",
        "top": "8.8%",
        "zIndex": "8",
      }
    }
    width={13.5}
  />
  <stubbed-asset
    className="vertical-chip"
    key="4_9"
    style={
      Object {
        "left": "51.919999999999995%",
        "top": "9.399999999999999%",
        "zIndex": "9",
      }
    }
    width={13.5}
  />
  <stubbed-asset
    className="vertical-chip"
    key="5_0"
    style={
      Object {
        "left": "55.199999999999996%",
        "top": "4%",
        "zIndex": "0",
      }
    }
    width={13.5}
  />
  <stubbed-asset
    className="vertical-chip"
    key="5_1"
    style={
      Object {
        "left": "55.199999999999996%",
        "top": "4.6%",
        "zIndex": "1",
      }
    }
    width={13.5}
  />
  <stubbed-asset
    className="vertical-chip"
    key="5_2"
    style={
      Object {
        "left": "55.199999999999996%",
        "top": "5.2%",
        "zIndex": "2",
      }
    }
    width={13.5}
  />
  <stubbed-asset
    className="vertical-chip"
    key="5_3"
    style={
      Object {
        "left": "55.199999999999996%",
        "top": "5.8%",
        "zIndex": "3",
      }
    }
    width={13.5}
  />
  <stubbed-asset
    className="vertical-chip"
    key="5_4"
    style={
      Object {
        "left": "55.199999999999996%",
        "top": "6.4%",
        "zIndex": "4",
      }
    }
    width={13.5}
  />
  <stubbed-asset
    className="vertical-chip"
    key="5_5"
    style={
      Object {
        "left": "55.199999999999996%",
        "top": "7%",
        "zIndex": "5",
      }
    }
    width={13.5}
  />
  <stubbed-asset
    className="vertical-chip"
    key="5_6"
    style={
      Object {
        "left": "55.199999999999996%",
        "top": "7.6%",
        "zIndex": "6",
      }
    }
    width={13.5}
  />
  <stubbed-asset
    className="vertical-chip"
    key="5_7"
    style={
      Object {
        "left": "55.199999999999996%",
        "top": "8.2%",
        "zIndex": "7",
      }
    }
    width={13.5}
  />
  <stubbed-asset
    className="vertical-chip"
    key="5_8"
    style={
      Object {
        "left": "55.199999999999996%",
        "top": "8.8%",
        "zIndex": "8",
      }
    }
    width={13.5}
  />
  <stubbed-asset
    className="vertical-chip"
    key="5_9"
    style={
      Object {
        "left": "55.199999999999996%",
        "top": "9.399999999999999%",
        "zIndex": "9",
      }
    }
    width={13.5}
  />
  <stubbed-asset
    className="vertical-chip"
    key="6_0"
    style={
      Object {
        "left": "58.48%",
        "top": "4%",
        "zIndex": "0",
      }
    }
    width={13.5}
  />
  <stubbed-asset
    className="vertical-chip"
    key="6_1"
    style={
      Object {
        "left": "58.48%",
        "top": "4.6%",
        "zIndex": "1",
      }
    }
    width={13.5}
  />
  <stubbed-asset
    className="vertical-chip"
    key="6_2"
    style={
      Object {
        "left": "58.48%",
        "top": "5.2%",
        "zIndex": "2",
      }
    }
    width={13.5}
  />
  <stubbed-asset
    className="vertical-chip"
    key="6_3"
    style={
      Object {
        "left": "58.48%",
        "top": "5.8%",
        "zIndex": "3",
      }
    }
    width={13.5}
  />
  <stubbed-asset
    className="vertical-chip"
    key="6_4"
    style={
      Object {
        "left": "58.48%",
        "top": "6.4%",
        "zIndex": "4",
      }
    }
    width={13.5}
  />
  <stubbed-asset
    className="vertical-chip"
    key="6_5"
    style={
      Object {
        "left": "58.48%",
        "top": "7%",
        "zIndex": "5",
      }
    }
    width={13.5}
  />
  <stubbed-asset
    className="vertical-chip"
    key="6_6"
    style={
      Object {
        "left": "58.48%",
        "top": "7.6%",
        "zIndex": "6",
      }
    }
    width={13.5}
  />
  <stubbed-asset
    className="vertical-chip"
    key="6_7"
    style={
      Object {
        "left": "58.48%",
        "top": "8.2%",
        "zIndex": "7",
      }
    }
    width={13.5}
  />
  <stubbed-asset
    className="vertical-chip"
    key="6_8"
    style={
      Object {
        "left": "58.48%",
        "top": "8.8%",
        "zIndex": "8",
      }
    }
    width={13.5}
  />
  <stubbed-asset
    className="vertical-chip"
    key="6_9"
    style={
      Object {
        "left": "58.48%",
        "top": "9.399999999999999%",
        "zIndex": "9",
      }
    }
    width={13.5}
  />
</Fragment>
`;
