// Jest Snapshot v1, https://goo.gl/fbAQLP

exports[`Stack Test suite Should render component correctly 1`] = `
<div
  className="stack-wrapper"
  style={
    Object {
      "left": "10%",
      "top": "10%",
      "transform": "translateX(-35px)",
    }
  }
>
  <stubbed-asset
    className="horizontal-chip"
    key="0_0"
    style={
      Object {
        "left": "0px",
        "top": "-0px",
        "zIndex": 0,
      }
    }
    width={13.5}
  />
  <stubbed-asset
    className="horizontal-chip"
    key="0_1"
    style={
      Object {
        "left": "0px",
        "top": "-1.5px",
        "zIndex": 1,
      }
    }
    width={13.5}
  />
  <stubbed-asset
    className="horizontal-chip"
    key="0_2"
    style={
      Object {
        "left": "0px",
        "top": "-3px",
        "zIndex": 2,
      }
    }
    width={13.5}
  />
  <stubbed-asset
    className="horizontal-chip"
    key="0_3"
    style={
      Object {
        "left": "0px",
        "top": "-4.5px",
        "zIndex": 3,
      }
    }
    width={13.5}
  />
  <stubbed-asset
    className="horizontal-chip"
    key="0_4"
    style={
      Object {
        "left": "0px",
        "top": "-6px",
        "zIndex": 4,
      }
    }
    width={13.5}
  />
  <stubbed-asset
    className="horizontal-chip"
    key="0_5"
    style={
      Object {
        "left": "0px",
        "top": "-7.5px",
        "zIndex": 5,
      }
    }
    width={13.5}
  />
  <stubbed-asset
    className="horizontal-chip"
    key="0_6"
    style={
      Object {
        "left": "0px",
        "top": "-9px",
        "zIndex": 6,
      }
    }
    width={13.5}
  />
  <stubbed-asset
    className="horizontal-chip"
    key="0_7"
    style={
      Object {
        "left": "0px",
        "top": "-10.5px",
        "zIndex": 7,
      }
    }
    width={13.5}
  />
  <stubbed-asset
    className="horizontal-chip"
    key="0_8"
    style={
      Object {
        "left": "0px",
        "top": "-12px",
        "zIndex": 8,
      }
    }
    width={13.5}
  />
  <stubbed-asset
    className="horizontal-chip"
    key="1_0"
    style={
      Object {
        "left": "14px",
        "top": "-0px",
        "zIndex": 0,
      }
    }
    width={13.5}
  />
  <stubbed-asset
    className="horizontal-chip"
    key="1_1"
    style={
      Object {
        "left": "14px",
        "top": "-1.5px",
        "zIndex": 1,
      }
    }
    width={13.5}
  />
  <stubbed-asset
    className="horizontal-chip"
    key="1_2"
    style={
      Object {
        "left": "14px",
        "top": "-3px",
        "zIndex": 2,
      }
    }
    width={13.5}
  />
  <stubbed-asset
    className="horizontal-chip"
    key="2_0"
    style={
      Object {
        "left": "28px",
        "top": "-0px",
        "zIndex": 0,
      }
    }
    width={13.5}
  />
  <stubbed-asset
    className="horizontal-chip"
    key="2_1"
    style={
      Object {
        "left": "28px",
        "top": "-1.5px",
        "zIndex": 1,
      }
    }
    width={13.5}
  />
  <stubbed-asset
    className="horizontal-chip"
    key="2_2"
    style={
      Object {
        "left": "28px",
        "top": "-3px",
        "zIndex": 2,
      }
    }
    width={13.5}
  />
  <stubbed-asset
    className="horizontal-chip"
    key="2_3"
    style={
      Object {
        "left": "28px",
        "top": "-4.5px",
        "zIndex": 3,
      }
    }
    width={13.5}
  />
  <stubbed-asset
    className="horizontal-chip"
    key="2_4"
    style={
      Object {
        "left": "28px",
        "top": "-6px",
        "zIndex": 4,
      }
    }
    width={13.5}
  />
  <stubbed-asset
    className="horizontal-chip"
    key="2_5"
    style={
      Object {
        "left": "28px",
        "top": "-7.5px",
        "zIndex": 5,
      }
    }
    width={13.5}
  />
  <stubbed-asset
    className="horizontal-chip"
    key="2_6"
    style={
      Object {
        "left": "28px",
        "top": "-9px",
        "zIndex": 6,
      }
    }
    width={13.5}
  />
  <stubbed-asset
    className="horizontal-chip"
    key="2_7"
    style={
      Object {
        "left": "28px",
        "top": "-10.5px",
        "zIndex": 7,
      }
    }
    width={13.5}
  />
  <stubbed-asset
    className="horizontal-chip"
    key="3_0"
    style={
      Object {
        "left": "42px",
        "top": "-0px",
        "zIndex": 0,
      }
    }
    width={13.5}
  />
  <stubbed-asset
    className="horizontal-chip"
    key="3_1"
    style={
      Object {
        "left": "42px",
        "top": "-1.5px",
        "zIndex": 1,
      }
    }
    width={13.5}
  />
  <stubbed-asset
    className="horizontal-chip"
    key="3_2"
    style={
      Object {
        "left": "42px",
        "top": "-3px",
        "zIndex": 2,
      }
    }
    width={13.5}
  />
  <stubbed-asset
    className="horizontal-chip"
    key="3_3"
    style={
      Object {
        "left": "42px",
        "top": "-4.5px",
        "zIndex": 3,
      }
    }
    width={13.5}
  />
  <stubbed-asset
    className="horizontal-chip"
    key="4_0"
    style={
      Object {
        "left": "56px",
        "top": "-0px",
        "zIndex": 0,
      }
    }
    width={13.5}
  />
  <stubbed-asset
    className="horizontal-chip"
    key="4_1"
    style={
      Object {
        "left": "56px",
        "top": "-1.5px",
        "zIndex": 1,
      }
    }
    width={13.5}
  />
  <div
    className="bet-amount-lbl lbl-pos-bottom"
    style={
      Object {
        "fontSize": "5.5pt",
      }
    }
  >
    $
    24839
  </div>
</div>
`;
